// Jest Snapshot v1, https://goo.gl/fbAQLP

exports[`Button renders correctly with title 1`] = `
<View
  accessibilityState={
    {
      "busy": undefined,
      "checked": undefined,
      "disabled": undefined,
      "expanded": undefined,
      "selected": undefined,
    }
  }
  accessibilityValue={
    {
      "max": undefined,
      "min": undefined,
      "now": undefined,
      "text": undefined,
    }
  }
  accessible={true}
  collapsable={false}
  focusable={true}
  onClick={[Function]}
  onResponderGrant={[Function]}
  onResponderMove={[Function]}
  onResponderRelease={[Function]}
  onResponderTerminate={[Function]}
  onResponderTerminationRequest={[Function]}
  onStartShouldSetResponder={[Function]}
  style={
    {
      "backgroundColor": "#ffffff",
      "borderColor": "#007bff",
      "borderRadius": 16,
      "borderWidth": 1,
      "marginRight": 16,
      "marginVertical": 8,
      "opacity": 1,
      "paddingHorizontal": 16,
      "paddingVertical": 8,
    }
  }
>
  <Text
    style={
      {
        "color": "#007bff",
        "fontSize": 16,
        "fontWeight": "bold",
        "marginVertical": 8,
        "textAlign": "center",
      }
    }
  >
    Submit
  </Text>
</View>
`;
